// Jest Snapshot v1, https://goo.gl/fbAQLP

exports[`express app builder success operation 1`] = `
"/*
 * ATTENTION: The \\"eval\\" devtool has been used (maybe by default in mode: \\"development\\").
 * This devtool is not neither made for production nor for readable output files.
 * It uses \\"eval()\\" calls to create a separate source file in the browser devtools.
 * If you are trying to read the output file, select a different devtool (https://webpack.js.org/configuration/devtool/)
 * or disable the default devtool with \\"devtool: false\\".
 * If you are looking for production-ready output files, see mode: \\"production\\" (https://webpack.js.org/configuration/mode/).
 */
/******/ (() => { // webpackBootstrap
/*!***************************!*
  !*** ./src/app.server.ts ***!
  \\\\***************************/
eval(\\"console.log('Server program');\\\\n\\\\n//# sourceURL=webpack://@skyslit/ark-devtools/./src/app.server.ts?\\");
/******/ })()
;"
`;
